Testing Match API...
Γ£à Success! Received 5 recommendations.
1. HDFC Bank - null
   Score: 15
   AI Explanation: Match based on your skill profile.
---
2. Reliance - null
   Score: 15
   AI Explanation: Match based on your skill profile.
---
3. Wipro - null
   Score: 15
   AI Explanation: Match based on your skill profile.
---
4. ICICI Bank - null
   Score: 15
   AI Explanation: Match based on your skill profile.
---
5. L&T - null
   Score: 15
   AI Explanation: Match based on your skill profile.
---
